2026-03-17 08:03:02,149 - DEBUG - Water Temp check
2026-03-17 08:03:02,151 - INFO - Brewing Started
2026-03-17 08:03:02,152 - WARNING - Water level is low
2026-03-17 08:03:02,153 - ERROR - No water found
2026-03-17 08:03:02,154 - CRITICAL - machine shutting down
2026-03-17 08:03:23,063 - DEBUG - Water Temp check
2026-03-17 08:03:23,064 - INFO - Brewing Started
2026-03-17 08:03:23,065 - WARNING - Water level is low
2026-03-17 08:03:23,066 - ERROR - No water found
2026-03-17 08:03:23,067 - CRITICAL - machine shutting down
2026-03-17 08:03:34,633 - DEBUG - Water Temp check
2026-03-17 08:03:34,635 - INFO - Brewing Started
2026-03-17 08:03:34,636 - WARNING - Water level is low
2026-03-17 08:03:34,637 - ERROR - No water found
2026-03-17 08:03:34,638 - CRITICAL - machine shutting down
2026-03-17 08:03:57,125 - DEBUG - Water Temp check
2026-03-17 08:03:57,127 - INFO - Brewing Started
2026-03-17 08:03:57,128 - WARNING - Water level is low
2026-03-17 08:03:57,129 - ERROR - No water found
2026-03-17 08:03:57,130 - CRITICAL - machine shutting down
2026-03-17 08:04:38,058 - DEBUG - Water Temp check
2026-03-17 08:04:38,059 - INFO - Brewing Started
2026-03-17 08:04:38,060 - WARNING - Water level is low
2026-03-17 08:04:38,061 - ERROR - No water found
2026-03-17 08:04:38,062 - CRITICAL - machine shutting down
2026-03-17 08:20:18,367 - DEBUG - Water Temp check
2026-03-17 08:20:18,368 - INFO - Brewing Started
2026-03-17 08:20:18,369 - WARNING - Water level is low
2026-03-17 08:20:18,370 - ERROR - No water found
2026-03-17 08:20:18,371 - CRITICAL - machine shutting down
